******************************************************************************
            TI ARM Clang Linker PC v3.2.2                      
******************************************************************************
>> Linked Mon Oct 21 09:55:43 2024

OUTPUT FILE NAME:   <mcan_message_rx_LP_MSPM0G3507_nortos_ticlang.out>
ENTRY POINT SYMBOL: "_c_int00_noargs"  address: 0000223d


MEMORY CONFIGURATION

         name            origin    length      used     unused   attr    fill
----------------------  --------  ---------  --------  --------  ----  --------
  FLASH                 00000000   00020000  00002700  0001d900  R  X
  SRAM                  20200000   00008000  00000d9f  00007261  RW X
  BCR_CONFIG            41c00000   00000080  00000000  00000080  R   
  BSL_CONFIG            41c00100   00000080  00000000  00000080  R   


SEGMENT ALLOCATION MAP

run origin  load origin   length   init length attrs members
----------  ----------- ---------- ----------- ----- -------
00000000    00000000    00002700   00002700    r-x
  00000000    00000000    000000c0   000000c0    r-- .intvecs
  000000c0    000000c0    00002440   00002440    r-x .text
  00002500    00002500    00000178   00000178    r-- .rodata
  00002678    00002678    00000088   00000088    r-- .cinit
20200000    20200000    00000ba1   00000000    rw-
  20200000    20200000    00000800   00000000    rw- .sysmem
  20200800    20200800    000001d2   00000000    rw- .bss
  202009d4    202009d4    000001cd   00000000    rw- .data
20207e00    20207e00    00000200   00000000    rw-
  20207e00    20207e00    00000200   00000000    rw- .stack


SECTION ALLOCATION MAP

 output                                  attributes/
section   page    origin      length       input sections
--------  ----  ----------  ----------   ----------------
.intvecs   0    00000000    000000c0     
                  00000000    000000c0     startup_mspm0g350x_ticlang.o (.intvecs)

.text      0    000000c0    00002440     
                  000000c0    000002a8     driverlib.a : dl_mcan.o (.text.DL_MCAN_msgRAMConfig)
                  00000368    00000184                 : dl_mcan.o (.text.DL_MCAN_init)
                  000004ec    0000017e                 : dl_mcan.o (.text.DL_MCAN_readMsg)
                  0000066a    00000002     startup_mspm0g350x_ticlang.o (.text.Default_Handler)
                  0000066c    00000148     mcan_message_rx.o (.text.main)
                  000007b4    00000144     driverlib.a : dl_mcan.o (.text.DL_MCAN_setBitTime)
                  000008f8    00000140                 : dl_mcan.o (.text.DL_MCAN_writeMsg)
                  00000a38    00000130                 : dl_mcan.o (.text.DL_MCAN_readMsgRam)
                  00000b68    0000012c                 : dl_mcan.o (.text.DL_MCAN_config)
                  00000c94    0000012c     libc.a : memory.c.obj (.text.aligned_alloc)
                  00000dc0    0000011c     ti_msp_dl_config.o (.text.SYSCFG_DL_MCAN0_init)
                  00000edc    00000104     libc.a : fputs.c.obj (.text.fputs)
                  00000fe0    000000ec            : memory.c.obj (.text.free)
                  000010cc    000000dc            : setvbuf.c.obj (.text.setvbuf)
                  000011a8    000000c4     driverlib.a : dl_mcan.o (.text.DL_MCAN_getRxFIFOStatus)
                  0000126c    000000b8                 : dl_mcan.o (.text.DL_MCAN_writeRxFIFOAck)
                  00001324    000000b4                 : dl_mcan.o (.text.DL_MCAN_writeMsgRam)
                  000013d8    0000009a     libc.a : memcpy16.S.obj (.text:memcpy)
                  00001472    00000002            : _lock.c.obj (.text._nop)
                  00001474    00000094     driverlib.a : dl_mcan.o (.text.DL_MCAN_getRevisionId)
                  00001508    0000007c     libc.a : fclose.c.obj (.text.__TI_closefile)
                  00001584    00000078            : copy_decompress_lzss.c.obj (.text:decompress:lzss)
                  000015fc    00000074     driverlib.a : dl_mcan.o (.text.DL_MCAN_addStdMsgIDFilter)
                  00001670    0000006c     libsysbm.a : hostlseek.c.obj (.text.HOSTlseek)
                  000016dc    0000006c                : hostrename.c.obj (.text.HOSTrename)
                  00001748    0000006c     libc.a : fseek.c.obj (.text.fseeko)
                  000017b4    00000068     driverlib.a : dl_mcan.o (.text.DL_MCAN_enableIntr)
                  0000181c    00000068     ti_msp_dl_config.o (.text.SYSCFG_DL_GPIO_init)
                  00001884    00000068     libc.a : getdevice.c.obj (.text.getdevice)
                  000018ec    00000064     driverlib.a : dl_mcan.o (.text.DL_MCAN_selectIntrLine)
                  00001950    00000064                 : dl_sysctl_mspm0g1x0x_g3x0x.o (.text.DL_SYSCTL_setHFCLKSourceHFXTParams)
                  000019b4    00000064     libc.a : _io_perm.c.obj (.text.__TI_wrt_ok)
                  00001a18    00000064            : memory.c.obj (.text.split)
                  00001a7c    00000062            : memset16.S.obj (.text:memset)
                  00001ade    00000002     --HOLE-- [fill = 0]
                  00001ae0    00000060     libsysbm.a : hostopen.c.obj (.text.HOSTopen)
                  00001b40    00000058     driverlib.a : dl_mcan.o (.text.DL_MCAN_enableIntrLine)
                  00001b98    00000058     libsysbm.a : hostread.c.obj (.text.HOSTread)
                  00001bf0    00000058                : hostwrite.c.obj (.text.HOSTwrite)
                  00001c48    00000054     driverlib.a : dl_mcan.o (.text.DL_MCAN_TXBufAddReq)
                  00001c9c    00000052     libc.a : fflush.c.obj (.text.__TI_doflush)
                  00001cee    00000002     --HOLE-- [fill = 0]
                  00001cf0    00000050     libsysbm.a : close.c.obj (.text.close)
                  00001d40    0000004c     driverlib.a : dl_mcan.o (.text.DL_MCAN_setExtIDAndMask)
                  00001d8c    00000048     mcan_message_rx.o (.text.CANFD0_IRQHandler)
                  00001dd4    00000048     libsysbm.a : hostclose.c.obj (.text.HOSTclose)
                  00001e1c    00000048                : hostunlink.c.obj (.text.HOSTunlink)
                  00001e64    00000040     driverlib.a : dl_mcan.o (.text.DL_MCAN_isMemInitDone)
                  00001ea4    0000003c     libc.a : autoinit.c.obj (.text:__TI_auto_init_nobinit_nopinit)
                  00001ee0    00000038     ti_msp_dl_config.o (.text.SYSCFG_DL_SYSCTL_init)
                  00001f18    00000038     libc.a : getdevice.c.obj (.text.finddevice)
                  00001f50    00000034     driverlib.a : dl_mcan.o (.text.DL_MCAN_clearIntrStatus)
                  00001f84    00000034     mcan_message_rx.o (.text.GROUP1_IRQHandler)
                  00001fb8    00000034     ti_msp_dl_config.o (.text.SYSCFG_DL_initPower)
                  00001fec    00000034     libc.a : fopen.c.obj (.text.__TI_cleanup)
                  00002020    00000034     libsysbm.a : trgmsg.c.obj (.text.__TI_readmsg)
                  00002054    00000034                : trgmsg.c.obj (.text.__TI_writemsg)
                  00002088    00000034     libc.a : exit.c.obj (.text.exit)
                  000020bc    00000032     driverlib.a : dl_mcan.o (.text.HW_WR_FIELD32_RAW)
                  000020ee    00000002     --HOLE-- [fill = 0]
                  000020f0    0000002c                 : dl_mcan.o (.text.DL_MCAN_getDataSize)
                  0000211c    0000002c                 : dl_mcan.o (.text.DL_MCAN_setClockConfig)
                  00002148    0000002c     libsysbm.a : unlink.c.obj (.text.unlink)
                  00002174    00000028     driverlib.a : dl_mcan.o (.text.DL_Common_updateReg)
                  0000219c    00000028                 : dl_sysctl_mspm0g1x0x_g3x0x.o (.text.DL_Common_updateReg)
                  000021c4    00000028     libc.a : memory.c.obj (.text.free_list_insert)
                  000021ec    00000028     libsysbm.a : lseek.c.obj (.text.lseek)
                  00002214    00000028                : write.c.obj (.text.write)
                  0000223c    00000028     libc.a : boot_cortex_m.c.obj (.text:_c_int00_noargs)
                  00002264    00000024     driverlib.a : dl_mcan.o (.text.DL_MCAN_getMsgObjSize)
                  00002288    00000024     ti_msp_dl_config.o (.text.SYSCFG_DL_SYSCTL_CLK_init)
                  000022ac    00000024     libc.a : fputs.c.obj (.text.puts)
                  000022d0    00000020     driverlib.a : dl_mcan.o (.text.DL_MCAN_setOpMode)
                  000022f0    00000020                 : dl_mcan.o (.text.DL_MCAN_writeProtectedRegAccessLock)
                  00002310    00000020                 : dl_mcan.o (.text.DL_MCAN_writeProtectedRegAccessUnlock)
                  00002330    00000020                 : dl_sysctl_mspm0g1x0x_g3x0x.o (.text.DL_SYSCTL_setHFXTFrequencyRange)
                  00002350    00000020                 : dl_mcan.o (.text.HW_RD_FIELD32_RAW)
                  00002370    0000001c                 : dl_mcan.o (.text.DL_MCAN_getOpMode)
                  0000238c    0000001c     libc.a : memory.c.obj (.text.free_list_remove)
                  000023a8    00000018     driverlib.a : dl_mcan.o (.text.DL_MCAN_getIntrStatus)
                  000023c0    00000018                 : dl_sysctl_mspm0g1x0x_g3x0x.o (.text.DL_SYSCTL_setHFXTStartupTime)
                  000023d8    00000018     ti_msp_dl_config.o (.text.SYSCFG_DL_init)
                  000023f0    00000016     libc.a : copy_zero_init.c.obj (.text:decompress:ZI:__TI_zero_init_nomemset)
                  00002406    00000014     driverlib.a : dl_common.o (.text.DL_Common_delayCycles)
                  0000241a    00000002     --HOLE-- [fill = 0]
                  0000241c    00000014                 : dl_sysctl_mspm0g1x0x_g3x0x.o (.text.DL_SYSCTL_disableHFCLKStartupMonitor)
                  00002430    00000014                 : dl_sysctl_mspm0g1x0x_g3x0x.o (.text.DL_SYSCTL_enableHFCLKStartupMonitor)
                  00002444    00000012     libsysbm.a : hostrename.c.obj (.text.strcpy)
                  00002456    00000012     libc.a : copy_decompress_none.c.obj (.text:decompress:none)
                  00002468    00000010     driverlib.a : dl_sysctl_mspm0g1x0x_g3x0x.o (.text.DL_SYSCTL_disableHFXT)
                  00002478    00000010                 : dl_mcan.o (.text.HW_RD_REG32_RAW)
                  00002488    00000010                 : dl_mcan.o (.text.HW_WR_REG32_RAW)
                  00002498    0000000e     libc.a : memory.c.obj (.text.OUTLINED_FUNCTION_0)
                  000024a6    0000000e     libsysbm.a : hostrename.c.obj (.text.strlen)
                  000024b4    0000000c     driverlib.a : dl_sysctl_mspm0g1x0x_g3x0x.o (.text.DL_SYSCTL_getClockStatus)
                  000024c0    0000000c     libclang_rt.builtins.a : aeabi_memset.S.obj (.text.__aeabi_memclr)
                  000024cc    0000000c     libc.a : memory.c.obj (.text.malloc)
                  000024d8    00000008     libclang_rt.builtins.a : aeabi_memcpy.S.obj (.text.__aeabi_memcpy)
                  000024e0    00000008     libc.a : fseek.c.obj (.text.fseek)
                  000024e8    00000008     libsysbm.a : remove.c.obj (.text.remove)
                  000024f0    00000004     startup_mspm0g350x_ticlang.o (.text.Reset_Handler)
                  000024f4    00000004     libc.a : pre_init.c.obj (.text._system_pre_init)
                  000024f8    00000004            : exit.c.obj (.text:abort)
                  000024fc    00000004     --HOLE-- [fill = 0]

.cinit     0    00002678    00000088     
                  00002678    00000062     (.cinit..data.load) [load image, compression = lzss]
                  000026da    00000002     --HOLE-- [fill = 0]
                  000026dc    0000000c     (__TI_handler_table)
                  000026e8    00000008     (.cinit..bss.load) [load image, compression = zero_init]
                  000026f0    00000010     (__TI_cinit_table)

.rodata    0    00002500    00000178     
                  00002500    00000060     ti_msp_dl_config.o (.rodata.gMCAN0MsgRAMConfigParams)
                  00002560    00000040     driverlib.a : dl_mcan.o (.rodata..L__const.DL_MCAN_getDataSize.dataSize)
                  000025a0    00000034     ti_msp_dl_config.o (.rodata.gMCAN0InitParams)
                  000025d4    0000002c     ti_msp_dl_config.o (.rodata.gMCAN0ConfigParams)
                  00002600    00000020     driverlib.a : dl_mcan.o (.rodata.cst32)
                  00002620    00000020     ti_msp_dl_config.o (.rodata.gMCAN0BitTimes)
                  00002640    00000010     ti_msp_dl_config.o (.rodata.gMCAN0StdFiltelem)
                  00002650    0000000e     mcan_message_rx.o (.rodata.str1.177022198390112842561)
                  0000265e    0000000e     mcan_message_rx.o (.rodata.str1.183824775202261526161)
                  0000266c    00000004     ti_msp_dl_config.o (.rodata.gMCAN0ClockConf)
                  00002670    00000002     libc.a : fputs.c.obj (.rodata.str1.127069605411828601681)
                  00002672    00000006     --HOLE-- [fill = 0]

.init_array 
*          0    00000000    00000000     UNINITIALIZED

.binit     0    00000000    00000000     

.sysmem    0    20200000    00000800     UNINITIALIZED
                  20200000    00000010     libc.a : memory.c.obj (.sysmem)
                  20200010    000007f0     --HOLE--

.bss       0    20200800    000001d2     UNINITIALIZED
                  20200800    00000120     libsysbm.a : trgmsg.c.obj (.bss:_CIOBUF_)
                  20200920    000000a0     libc.a : defs.c.obj (.bss.__TI_tmpnams)
                  202009c0    00000008     libsysbm.a : hostopen.c.obj (.bss.parmbuf)
                  202009c8    00000004     libc.a : memory.c.obj (.bss.sys_free)
                  202009cc    00000004     (.common:gInterruptLine1Status)
                  202009d0    00000001     (.common:gRXMsg)
                  202009d1    00000001     (.common:gTXMsg)

.data      0    202009d4    000001cd     UNINITIALIZED
                  202009d4    000000f0     libc.a : defs.c.obj (.data._ftable)
                  20200ac4    00000078     libsysbm.a : host_device.c.obj (.data._device)
                  20200b3c    00000050                : host_device.c.obj (.data._stream)
                  20200b8c    00000008     libc.a : exit.c.obj (.data..L_MergedGlobals)
                  20200b94    00000004            : defs.c.obj (.data.__TI_ft_end)
                  20200b98    00000004            : _lock.c.obj (.data._lock)
                  20200b9c    00000004            : _lock.c.obj (.data._unlock)
                  20200ba0    00000001            : memory.c.obj (.data.memory_is_initialized)

.stack     0    20207e00    00000200     UNINITIALIZED
                  20207e00    00000004     libc.a : boot_cortex_m.c.obj (.stack)
                  20207e04    000001fc     --HOLE--

__llvm_prf_cnts 
*          0    20200000    00000000     UNINITIALIZED

__llvm_prf_bits 
*          0    20200000    00000000     UNINITIALIZED

MODULE SUMMARY

       Module                         code   ro data   rw data
       ------                         ----   -------   -------
    .\
       ti_msp_dl_config.o             556    244       0      
       mcan_message_rx.o              452    28        6      
       startup_mspm0g350x_ticlang.o   6      192       0      
    +--+------------------------------+------+---------+---------+
       Total:                         1014   464       6      
                                                              
    C:/ti/mspm0_sdk_2_02_00_05/source/ti/driverlib/lib/ticlang/m0p/mspm0g1x0x_g3x0x/driverlib.a
       dl_mcan.o                      4516   96        0      
       dl_sysctl_mspm0g1x0x_g3x0x.o   264    0         0      
       dl_common.o                    20     0         0      
    +--+------------------------------+------+---------+---------+
       Total:                         4800   96        0      
                                                              
    C:\ti\ccs1281\ccs\tools\compiler\ti-cgt-armllvm_3.2.2.LTS\lib\armv6m-ti-none-eabi/c/libc.a
       memory.c.obj                   730    0         5      
       defs.c.obj                     0      0         404    
       fputs.c.obj                    296    2         0      
       setvbuf.c.obj                  220    0         0      
       getdevice.c.obj                160    0         0      
       memcpy16.S.obj                 154    0         0      
       fclose.c.obj                   124    0         0      
       copy_decompress_lzss.c.obj     120    0         0      
       fseek.c.obj                    116    0         0      
       _io_perm.c.obj                 100    0         0      
       memset16.S.obj                 98     0         0      
       fflush.c.obj                   82     0         0      
       exit.c.obj                     56     0         8      
       autoinit.c.obj                 60     0         0      
       fopen.c.obj                    52     0         0      
       boot_cortex_m.c.obj            40     0         0      
       copy_zero_init.c.obj           22     0         0      
       copy_decompress_none.c.obj     18     0         0      
       _lock.c.obj                    2      0         8      
       pre_init.c.obj                 4      0         0      
    +--+------------------------------+------+---------+---------+
       Total:                         2454   2         425    
                                                              
    C:\ti\ccs1281\ccs\tools\compiler\ti-cgt-armllvm_3.2.2.LTS\lib\armv6m-ti-none-eabi/c/libsysbm.a
       trgmsg.c.obj                   104    0         288    
       host_device.c.obj              0      0         200    
       hostrename.c.obj               140    0         0      
       hostlseek.c.obj                108    0         0      
       hostopen.c.obj                 96     0         8      
       hostread.c.obj                 88     0         0      
       hostwrite.c.obj                88     0         0      
       close.c.obj                    80     0         0      
       hostclose.c.obj                72     0         0      
       hostunlink.c.obj               72     0         0      
       unlink.c.obj                   44     0         0      
       lseek.c.obj                    40     0         0      
       write.c.obj                    40     0         0      
       remove.c.obj                   8      0         0      
    +--+------------------------------+------+---------+---------+
       Total:                         980    0         496    
                                                              
    C:\ti\ccs1281\ccs\tools\compiler\ti-cgt-armllvm_3.2.2.LTS\lib\clang/15.0.7/lib/armv6m-ti-none-eabi/libclang_rt.builtins.a
       aeabi_memset.S.obj             12     0         0      
       aeabi_memcpy.S.obj             8      0         0      
    +--+------------------------------+------+---------+---------+
       Total:                         20     0         0      
                                                              
       Heap:                          0      0         2048   
       Stack:                         0      0         512    
       Linker Generated:              0      134       0      
    +--+------------------------------+------+---------+---------+
       Grand Total:                   9268   696       3487   


LINKER GENERATED COPY TABLES

__TI_cinit_table @ 000026f0 records: 2, size/record: 8, table size: 16
	.data: load addr=00002678, load size=00000062 bytes, run addr=202009d4, run size=000001cd bytes, compression=lzss
	.bss: load addr=000026e8, load size=00000008 bytes, run addr=20200800, run size=000001d2 bytes, compression=zero_init


LINKER GENERATED HANDLER TABLE

__TI_handler_table @ 000026dc records: 3, size/record: 4, table size: 12
	index: 0, handler: __TI_decompress_lzss
	index: 1, handler: __TI_decompress_none
	index: 2, handler: __TI_zero_init


GLOBAL SYMBOLS: SORTED ALPHABETICALLY BY Name 

address   name                              
-------   ----                              
0000066b  ADC0_IRQHandler                   
0000066b  ADC1_IRQHandler                   
0000066b  AES_IRQHandler                    
000024f8  C$$EXIT                           
00002081  C$$IO$$                           
00001d8d  CANFD0_IRQHandler                 
0000066b  DAC0_IRQHandler                   
00002407  DL_Common_delayCycles             
00001c49  DL_MCAN_TXBufAddReq               
000015fd  DL_MCAN_addStdMsgIDFilter         
00001f51  DL_MCAN_clearIntrStatus           
00000b69  DL_MCAN_config                    
000017b5  DL_MCAN_enableIntr                
00001b41  DL_MCAN_enableIntrLine            
000023a9  DL_MCAN_getIntrStatus             
00002371  DL_MCAN_getOpMode                 
00001475  DL_MCAN_getRevisionId             
000011a9  DL_MCAN_getRxFIFOStatus           
00000369  DL_MCAN_init                      
00001e65  DL_MCAN_isMemInitDone             
000000c1  DL_MCAN_msgRAMConfig              
00000a39  DL_MCAN_readMsgRam                
000018ed  DL_MCAN_selectIntrLine            
000007b5  DL_MCAN_setBitTime                
0000211d  DL_MCAN_setClockConfig            
00001d41  DL_MCAN_setExtIDAndMask           
000022d1  DL_MCAN_setOpMode                 
00001325  DL_MCAN_writeMsgRam               
0000126d  DL_MCAN_writeRxFIFOAck            
00001951  DL_SYSCTL_setHFCLKSourceHFXTParams
0000066b  DMA_IRQHandler                    
0000066b  Default_Handler                   
0000066b  GROUP0_IRQHandler                 
00001f85  GROUP1_IRQHandler                 
00001dd5  HOSTclose                         
00001671  HOSTlseek                         
00001ae1  HOSTopen                          
00001b99  HOSTread                          
000016dd  HOSTrename                        
00001e1d  HOSTunlink                        
00001bf1  HOSTwrite                         
0000066b  HardFault_Handler                 
0000066b  I2C0_IRQHandler                   
0000066b  I2C1_IRQHandler                   
0000066b  NMI_Handler                       
0000066b  PendSV_Handler                    
0000066b  RTC_IRQHandler                    
000024f1  Reset_Handler                     
0000066b  SPI0_IRQHandler                   
0000066b  SPI1_IRQHandler                   
0000066b  SVC_Handler                       
0000181d  SYSCFG_DL_GPIO_init               
00000dc1  SYSCFG_DL_MCAN0_init              
00002289  SYSCFG_DL_SYSCTL_CLK_init         
00001ee1  SYSCFG_DL_SYSCTL_init             
000023d9  SYSCFG_DL_init                    
00001fb9  SYSCFG_DL_initPower               
0000066b  SysTick_Handler                   
0000066b  TIMA0_IRQHandler                  
0000066b  TIMA1_IRQHandler                  
0000066b  TIMG0_IRQHandler                  
0000066b  TIMG12_IRQHandler                 
0000066b  TIMG6_IRQHandler                  
0000066b  TIMG7_IRQHandler                  
0000066b  TIMG8_IRQHandler                  
0000066b  UART0_IRQHandler                  
0000066b  UART1_IRQHandler                  
0000066b  UART2_IRQHandler                  
0000066b  UART3_IRQHandler                  
20200800  _CIOBUF_                          
20200800  __CIOBUF_                         
20208000  __STACK_END                       
00000200  __STACK_SIZE                      
00000800  __SYSMEM_SIZE                     
00000000  __TI_ATRegion0_region_sz          
00000000  __TI_ATRegion0_src_addr           
00000000  __TI_ATRegion0_trg_addr           
00000000  __TI_ATRegion1_region_sz          
00000000  __TI_ATRegion1_src_addr           
00000000  __TI_ATRegion1_trg_addr           
00000000  __TI_ATRegion2_region_sz          
00000000  __TI_ATRegion2_src_addr           
00000000  __TI_ATRegion2_trg_addr           
000026f0  __TI_CINIT_Base                   
00002700  __TI_CINIT_Limit                  
00002700  __TI_CINIT_Warm                   
000026dc  __TI_Handler_Table_Base           
000026e8  __TI_Handler_Table_Limit          
00001ea5  __TI_auto_init_nobinit_nopinit    
00001fed  __TI_cleanup                      
20200b8c  __TI_cleanup_ptr                  
00001509  __TI_closefile                    
00001585  __TI_decompress_lzss              
00002457  __TI_decompress_none              
00001c9d  __TI_doflush                      
20200b90  __TI_dtors_ptr                    
20200b94  __TI_ft_end                       
ffffffff  __TI_pprof_out_hndl               
ffffffff  __TI_prof_data_size               
ffffffff  __TI_prof_data_start              
00002021  __TI_readmsg                      
00000000  __TI_static_base__                
20200920  __TI_tmpnams                      
00002055  __TI_writemsg                     
000019b5  __TI_wrt_ok                       
000023f1  __TI_zero_init_nomemset           
000024c1  __aeabi_memclr                    
000024c1  __aeabi_memclr4                   
000024c1  __aeabi_memclr8                   
000024d9  __aeabi_memcpy                    
000024d9  __aeabi_memcpy4                   
000024d9  __aeabi_memcpy8                   
ffffffff  __binit__                         
UNDEFED   __mpu_init                        
20207e00  __stack                           
20200000  __start___llvm_prf_bits           
20200000  __start___llvm_prf_cnts           
20200000  __stop___llvm_prf_bits            
20200000  __stop___llvm_prf_cnts            
0000223d  _c_int00_noargs                   
20200ac4  _device                           
202009d4  _ftable                           
20200b98  _lock                             
00001473  _nop                              
20200b3c  _stream                           
20200000  _sys_memory                       
UNDEFED   _system_post_cinit                
000024f5  _system_pre_init                  
20200b9c  _unlock                           
000024f9  abort                             
00000c95  aligned_alloc                     
ffffffff  binit                             
00001cf1  close                             
00002089  exit                              
00001f19  finddevice                        
00000edd  fputs                             
00000fe1  free                              
000024e1  fseek                             
00001749  fseeko                            
202009cc  gInterruptLine1Status             
202009d0  gRXMsg                            
202009d1  gTXMsg                            
00001885  getdevice                         
00000000  interruptVectors                  
000021ed  lseek                             
0000066d  main                              
000024cd  malloc                            
00000c95  memalign                          
000013d9  memcpy                            
00001a7d  memset                            
202009c0  parmbuf                           
000022ad  puts                              
000024e9  remove                            
000010cd  setvbuf                           
00002149  unlink                            
00002215  write                             


GLOBAL SYMBOLS: SORTED BY Symbol Address 

address   name                              
-------   ----                              
00000000  __TI_ATRegion0_region_sz          
00000000  __TI_ATRegion0_src_addr           
00000000  __TI_ATRegion0_trg_addr           
00000000  __TI_ATRegion1_region_sz          
00000000  __TI_ATRegion1_src_addr           
00000000  __TI_ATRegion1_trg_addr           
00000000  __TI_ATRegion2_region_sz          
00000000  __TI_ATRegion2_src_addr           
00000000  __TI_ATRegion2_trg_addr           
00000000  __TI_static_base__                
00000000  interruptVectors                  
000000c1  DL_MCAN_msgRAMConfig              
00000200  __STACK_SIZE                      
00000369  DL_MCAN_init                      
0000066b  ADC0_IRQHandler                   
0000066b  ADC1_IRQHandler                   
0000066b  AES_IRQHandler                    
0000066b  DAC0_IRQHandler                   
0000066b  DMA_IRQHandler                    
0000066b  Default_Handler                   
0000066b  GROUP0_IRQHandler                 
0000066b  HardFault_Handler                 
0000066b  I2C0_IRQHandler                   
0000066b  I2C1_IRQHandler                   
0000066b  NMI_Handler                       
0000066b  PendSV_Handler                    
0000066b  RTC_IRQHandler                    
0000066b  SPI0_IRQHandler                   
0000066b  SPI1_IRQHandler                   
0000066b  SVC_Handler                       
0000066b  SysTick_Handler                   
0000066b  TIMA0_IRQHandler                  
0000066b  TIMA1_IRQHandler                  
0000066b  TIMG0_IRQHandler                  
0000066b  TIMG12_IRQHandler                 
0000066b  TIMG6_IRQHandler                  
0000066b  TIMG7_IRQHandler                  
0000066b  TIMG8_IRQHandler                  
0000066b  UART0_IRQHandler                  
0000066b  UART1_IRQHandler                  
0000066b  UART2_IRQHandler                  
0000066b  UART3_IRQHandler                  
0000066d  main                              
000007b5  DL_MCAN_setBitTime                
00000800  __SYSMEM_SIZE                     
00000a39  DL_MCAN_readMsgRam                
00000b69  DL_MCAN_config                    
00000c95  aligned_alloc                     
00000c95  memalign                          
00000dc1  SYSCFG_DL_MCAN0_init              
00000edd  fputs                             
00000fe1  free                              
000010cd  setvbuf                           
000011a9  DL_MCAN_getRxFIFOStatus           
0000126d  DL_MCAN_writeRxFIFOAck            
00001325  DL_MCAN_writeMsgRam               
000013d9  memcpy                            
00001473  _nop                              
00001475  DL_MCAN_getRevisionId             
00001509  __TI_closefile                    
00001585  __TI_decompress_lzss              
000015fd  DL_MCAN_addStdMsgIDFilter         
00001671  HOSTlseek                         
000016dd  HOSTrename                        
00001749  fseeko                            
000017b5  DL_MCAN_enableIntr                
0000181d  SYSCFG_DL_GPIO_init               
00001885  getdevice                         
000018ed  DL_MCAN_selectIntrLine            
00001951  DL_SYSCTL_setHFCLKSourceHFXTParams
000019b5  __TI_wrt_ok                       
00001a7d  memset                            
00001ae1  HOSTopen                          
00001b41  DL_MCAN_enableIntrLine            
00001b99  HOSTread                          
00001bf1  HOSTwrite                         
00001c49  DL_MCAN_TXBufAddReq               
00001c9d  __TI_doflush                      
00001cf1  close                             
00001d41  DL_MCAN_setExtIDAndMask           
00001d8d  CANFD0_IRQHandler                 
00001dd5  HOSTclose                         
00001e1d  HOSTunlink                        
00001e65  DL_MCAN_isMemInitDone             
00001ea5  __TI_auto_init_nobinit_nopinit    
00001ee1  SYSCFG_DL_SYSCTL_init             
00001f19  finddevice                        
00001f51  DL_MCAN_clearIntrStatus           
00001f85  GROUP1_IRQHandler                 
00001fb9  SYSCFG_DL_initPower               
00001fed  __TI_cleanup                      
00002021  __TI_readmsg                      
00002055  __TI_writemsg                     
00002081  C$$IO$$                           
00002089  exit                              
0000211d  DL_MCAN_setClockConfig            
00002149  unlink                            
000021ed  lseek                             
00002215  write                             
0000223d  _c_int00_noargs                   
00002289  SYSCFG_DL_SYSCTL_CLK_init         
000022ad  puts                              
000022d1  DL_MCAN_setOpMode                 
00002371  DL_MCAN_getOpMode                 
000023a9  DL_MCAN_getIntrStatus             
000023d9  SYSCFG_DL_init                    
000023f1  __TI_zero_init_nomemset           
00002407  DL_Common_delayCycles             
00002457  __TI_decompress_none              
000024c1  __aeabi_memclr                    
000024c1  __aeabi_memclr4                   
000024c1  __aeabi_memclr8                   
000024cd  malloc                            
000024d9  __aeabi_memcpy                    
000024d9  __aeabi_memcpy4                   
000024d9  __aeabi_memcpy8                   
000024e1  fseek                             
000024e9  remove                            
000024f1  Reset_Handler                     
000024f5  _system_pre_init                  
000024f8  C$$EXIT                           
000024f9  abort                             
000026dc  __TI_Handler_Table_Base           
000026e8  __TI_Handler_Table_Limit          
000026f0  __TI_CINIT_Base                   
00002700  __TI_CINIT_Limit                  
00002700  __TI_CINIT_Warm                   
20200000  __start___llvm_prf_bits           
20200000  __start___llvm_prf_cnts           
20200000  __stop___llvm_prf_bits            
20200000  __stop___llvm_prf_cnts            
20200000  _sys_memory                       
20200800  _CIOBUF_                          
20200800  __CIOBUF_                         
20200920  __TI_tmpnams                      
202009c0  parmbuf                           
202009cc  gInterruptLine1Status             
202009d0  gRXMsg                            
202009d1  gTXMsg                            
202009d4  _ftable                           
20200ac4  _device                           
20200b3c  _stream                           
20200b8c  __TI_cleanup_ptr                  
20200b90  __TI_dtors_ptr                    
20200b94  __TI_ft_end                       
20200b98  _lock                             
20200b9c  _unlock                           
20207e00  __stack                           
20208000  __STACK_END                       
ffffffff  __TI_pprof_out_hndl               
ffffffff  __TI_prof_data_size               
ffffffff  __TI_prof_data_start              
ffffffff  __binit__                         
ffffffff  binit                             
UNDEFED   __mpu_init                        
UNDEFED   _system_post_cinit                

[156 symbols]
